  Γû▓ Next.js 14.2.3
  - Environments: .env.local

   Creating an optimized production build ...
 Γ£ô Compiled successfully
   Linting and checking validity of types ...
   Collecting page data ...
   Generating static pages (0/72) ...
node.exe : Analytics error: q [Error]: Dynamic server usage: Route /api/analytics couldn't be rendered statically 
because it accessed `request.url`. See more info here: https://nextjs.org/docs/messages/dynamic-server-error
At line:1 char:1
+ & "C:\Program Files\nodejs/node.exe" "C:\Users\Owner\AppData\Roaming\ ...
+ ~~~~~~~~~~~~~~~~~~~~~~~~~~~~~~~~~~~~~~~~~~~~~~~~~~~~~~~~~~~~~~~~~~~~~
    + CategoryInfo          : NotSpecified: (Analytics error...ic-server-error:String) [], RemoteException
    + FullyQualifiedErrorId : NativeCommandError
 
    at Object.get (C:\Users\Owner\clawd\projects\media-network\node_modules\next\dist\compiled\next-server\app-route.ru
ntime.prod.js:6:37835)
    at l (C:\Users\Owner\clawd\projects\media-network\apps\admin\.next\server\app\api\analytics\route.js:1:707)
    at C:\Users\Owner\clawd\projects\media-network\node_modules\next\dist\compiled\next-server\app-route.runtime.prod.j
s:6:34672
    at C:\Users\Owner\clawd\projects\media-network\node_modules\next\dist\server\lib\trace\tracer.js:140:36
    at NoopContextManager.with 
(C:\Users\Owner\clawd\projects\media-network\node_modules\next\dist\compiled\@opentelemetry\api\index.js:1:7062)
    at ContextAPI.with 
(C:\Users\Owner\clawd\projects\media-network\node_modules\next\dist\compiled\@opentelemetry\api\index.js:1:518)
    at NoopTracer.startActiveSpan 
(C:\Users\Owner\clawd\projects\media-network\node_modules\next\dist\compiled\@opentelemetry\api\index.js:1:18093)
    at ProxyTracer.startActiveSpan 
(C:\Users\Owner\clawd\projects\media-network\node_modules\next\dist\compiled\@opentelemetry\api\index.js:1:18854)
    at C:\Users\Owner\clawd\projects\media-network\node_modules\next\dist\server\lib\trace\tracer.js:122:103
    at NoopContextManager.with 
(C:\Users\Owner\clawd\projects\media-network\node_modules\next\dist\compiled\@opentelemetry\api\index.js:1:7062) {
  description: "Route /api/analytics couldn't be rendered statically because it accessed `request.url`. See more info 
here: https://nextjs.org/docs/messages/dynamic-server-error",
  digest: 'DYNAMIC_SERVER_USAGE'
}
   Generating static pages (18/72) 
Error fetching share log: q [Error]: Dynamic server usage: Route /api/social/share-log couldn't be rendered statically 
because it accessed `nextUrl.searchParams`. See more info here: https://nextjs.org/docs/messages/dynamic-server-error
    at Object.get (C:\Users\Owner\clawd\projects\media-network\node_modules\next\dist\compiled\next-server\app-route.ru
ntime.prod.js:6:38289)
    at u (C:\Users\Owner\clawd\projects\media-network\apps\admin\.next\server\app\api\social\share-log\route.js:1:552)
    at C:\Users\Owner\clawd\projects\media-network\node_modules\next\dist\compiled\next-server\app-route.runtime.prod.j
s:6:34672
    at C:\Users\Owner\clawd\projects\media-network\node_modules\next\dist\server\lib\trace\tracer.js:140:36
    at NoopContextManager.with 
(C:\Users\Owner\clawd\projects\media-network\node_modules\next\dist\compiled\@opentelemetry\api\index.js:1:7062)
    at ContextAPI.with 
(C:\Users\Owner\clawd\projects\media-network\node_modules\next\dist\compiled\@opentelemetry\api\index.js:1:518)
    at NoopTracer.startActiveSpan 
(C:\Users\Owner\clawd\projects\media-network\node_modules\next\dist\compiled\@opentelemetry\api\index.js:1:18093)
    at ProxyTracer.startActiveSpan 
(C:\Users\Owner\clawd\projects\media-network\node_modules\next\dist\compiled\@opentelemetry\api\index.js:1:18854)
    at C:\Users\Owner\clawd\projects\media-network\node_modules\next\dist\server\lib\trace\tracer.js:122:103
    at NoopContextManager.with 
(C:\Users\Owner\clawd\projects\media-network\node_modules\next\dist\compiled\@opentelemetry\api\index.js:1:7062) {
  description: "Route /api/social/share-log couldn't be rendered statically because it accessed 
`nextUrl.searchParams`. See more info here: https://nextjs.org/docs/messages/dynamic-server-error",
  digest: 'DYNAMIC_SERVER_USAGE'
}
Failed to fetch feed CNN Entertainment: fetch failed
Error fetching brand settings: q [Error]: Dynamic server usage: Route /api/brand-settings couldn't be rendered 
statically because it accessed `nextUrl.searchParams`. See more info here: 
https://nextjs.org/docs/messages/dynamic-server-error
    at Object.get (C:\Users\Owner\clawd\projects\media-network\node_modules\next\dist\compiled\next-server\app-route.ru
ntime.prod.js:6:38289)
    at l (C:\Users\Owner\clawd\projects\media-network\apps\admin\.next\server\app\api\brand-settings\route.js:1:1197)
    at C:\Users\Owner\clawd\projects\media-network\node_modules\next\dist\compiled\next-server\app-route.runtime.prod.j
s:6:34672
    at C:\Users\Owner\clawd\projects\media-network\node_modules\next\dist\server\lib\trace\tracer.js:140:36
    at NoopContextManager.with 
(C:\Users\Owner\clawd\projects\media-network\node_modules\next\dist\compiled\@opentelemetry\api\index.js:1:7062)
    at ContextAPI.with 
(C:\Users\Owner\clawd\projects\media-network\node_modules\next\dist\compiled\@opentelemetry\api\index.js:1:518)
    at NoopTracer.startActiveSpan 
(C:\Users\Owner\clawd\projects\media-network\node_modules\next\dist\compiled\@opentelemetry\api\index.js:1:18093)
    at ProxyTracer.startActiveSpan 
(C:\Users\Owner\clawd\projects\media-network\node_modules\next\dist\compiled\@opentelemetry\api\index.js:1:18854)
    at C:\Users\Owner\clawd\projects\media-network\node_modules\next\dist\server\lib\trace\tracer.js:122:103
    at NoopContextManager.with 
(C:\Users\Owner\clawd\projects\media-network\node_modules\next\dist\compiled\@opentelemetry\api\index.js:1:7062) {
  description: "Route /api/brand-settings couldn't be rendered statically because it accessed `nextUrl.searchParams`. 
See more info here: https://nextjs.org/docs/messages/dynamic-server-error",
  digest: 'DYNAMIC_SERVER_USAGE'
}
 ΓÜá Unsupported metadata themeColor is configured in metadata export in /_not-found. Please move it to viewport 
export instead.
Read more: https://nextjs.org/docs/app/api-reference/functions/generate-viewport
 ΓÜá Unsupported metadata viewport is configured in metadata export in /_not-found. Please move it to viewport export 
instead.
Read more: https://nextjs.org/docs/app/api-reference/functions/generate-viewport
 ΓÜá Unsupported metadata themeColor is configured in metadata export in /_not-found. Please move it to viewport 
export instead.
Read more: https://nextjs.org/docs/app/api-reference/functions/generate-viewport
 ΓÜá Unsupported metadata viewport is configured in metadata export in /_not-found. Please move it to viewport export 
instead.
Read more: https://nextjs.org/docs/app/api-reference/functions/generate-viewport
 ΓÜá Unsupported metadata themeColor is configured in metadata export in /dashboard/newsletter. Please move it to 
viewport export instead.
Read more: https://nextjs.org/docs/app/api-reference/functions/generate-viewport
 ΓÜá Unsupported metadata viewport is configured in metadata export in /dashboard/newsletter. Please move it to 
viewport export instead.
Read more: https://nextjs.org/docs/app/api-reference/functions/generate-viewport
 ΓÜá Unsupported metadata themeColor is configured in metadata export in /dashboard/newsletter. Please move it to 
viewport export instead.
Read more: https://nextjs.org/docs/app/api-reference/functions/generate-viewport
 ΓÜá Unsupported metadata viewport is configured in metadata export in /dashboard/newsletter. Please move it to 
viewport export instead.
Read more: https://nextjs.org/docs/app/api-reference/functions/generate-viewport
 ΓÜá Unsupported metadata themeColor is configured in metadata export in /dashboard/analytics. Please move it to 
viewport export instead.
Read more: https://nextjs.org/docs/app/api-reference/functions/generate-viewport
 ΓÜá Unsupported metadata viewport is configured in metadata export in /dashboard/analytics. Please move it to 
viewport export instead.
Read more: https://nextjs.org/docs/app/api-reference/functions/generate-viewport
 ΓÜá Unsupported metadata themeColor is configured in metadata export in /dashboard/analytics. Please move it to 
viewport export instead.
Read more: https://nextjs.org/docs/app/api-reference/functions/generate-viewport
 ΓÜá Unsupported metadata viewport is configured in metadata export in /dashboard/analytics. Please move it to 
viewport export instead.
Read more: https://nextjs.org/docs/app/api-reference/functions/generate-viewport
 ΓÜá Unsupported metadata themeColor is configured in metadata export in /dashboard/rss-feeds. Please move it to 
viewport export instead.
Read more: https://nextjs.org/docs/app/api-reference/functions/generate-viewport
 ΓÜá Unsupported metadata viewport is configured in metadata export in /dashboard/rss-feeds. Please move it to 
viewport export instead.
Read more: https://nextjs.org/docs/app/api-reference/functions/generate-viewport
 ΓÜá Unsupported metadata themeColor is configured in metadata export in /dashboard/rss-feeds. Please move it to 
viewport export instead.
Read more: https://nextjs.org/docs/app/api-reference/functions/generate-viewport
 ΓÜá Unsupported metadata viewport is configured in metadata export in /dashboard/rss-feeds. Please move it to 
viewport export instead.
Read more: https://nextjs.org/docs/app/api-reference/functions/generate-viewport
 ΓÜá Unsupported metadata themeColor is configured in metadata export in /dashboard/ai-pipeline. Please move it to 
viewport export instead.
Read more: https://nextjs.org/docs/app/api-reference/functions/generate-viewport
 ΓÜá Unsupported metadata viewport is configured in metadata export in /dashboard/ai-pipeline. Please move it to 
viewport export instead.
Read more: https://nextjs.org/docs/app/api-reference/functions/generate-viewport
 ΓÜá Unsupported metadata themeColor is configured in metadata export in /dashboard/ai-pipeline. Please move it to 
viewport export instead.
Read more: https://nextjs.org/docs/app/api-reference/functions/generate-viewport
 ΓÜá Unsupported metadata viewport is configured in metadata export in /dashboard/ai-pipeline. Please move it to 
viewport export instead.
Read more: https://nextjs.org/docs/app/api-reference/functions/generate-viewport
 ΓÜá Unsupported metadata themeColor is configured in metadata export in /dashboard/gear/new. Please move it to 
viewport export instead.
Read more: https://nextjs.org/docs/app/api-reference/functions/generate-viewport
 ΓÜá Unsupported metadata viewport is configured in metadata export in /dashboard/gear/new. Please move it to viewport 
export instead.
Read more: https://nextjs.org/docs/app/api-reference/functions/generate-viewport
 ΓÜá Unsupported metadata themeColor is configured in metadata export in /dashboard/gear/new. Please move it to 
viewport export instead.
Read more: https://nextjs.org/docs/app/api-reference/functions/generate-viewport
 ΓÜá Unsupported metadata viewport is configured in metadata export in /dashboard/gear/new. Please move it to viewport 
export instead.
Read more: https://nextjs.org/docs/app/api-reference/functions/generate-viewport
 ΓÜá Unsupported metadata themeColor is configured in metadata export in /dashboard/artists/new. Please move it to 
viewport export instead.
Read more: https://nextjs.org/docs/app/api-reference/functions/generate-viewport
 ΓÜá Unsupported metadata viewport is configured in metadata export in /dashboard/artists/new. Please move it to 
viewport export instead.
Read more: https://nextjs.org/docs/app/api-reference/functions/generate-viewport
 ΓÜá Unsupported metadata themeColor is configured in metadata export in /dashboard/artists/new. Please move it to 
viewport export instead.
Read more: https://nextjs.org/docs/app/api-reference/functions/generate-viewport
 ΓÜá Unsupported metadata viewport is configured in metadata export in /dashboard/artists/new. Please move it to 
viewport export instead.
Read more: https://nextjs.org/docs/app/api-reference/functions/generate-viewport
 ΓÜá Unsupported metadata themeColor is configured in metadata export in /dashboard/hot-or-not. Please move it to 
viewport export instead.
Read more: https://nextjs.org/docs/app/api-reference/functions/generate-viewport
 ΓÜá Unsupported metadata viewport is configured in metadata export in /dashboard/hot-or-not. Please move it to 
viewport export instead.
Read more: https://nextjs.org/docs/app/api-reference/functions/generate-viewport
 ΓÜá Unsupported metadata themeColor is configured in metadata export in /dashboard/hot-or-not. Please move it to 
viewport export instead.
Read more: https://nextjs.org/docs/app/api-reference/functions/generate-viewport
 ΓÜá Unsupported metadata viewport is configured in metadata export in /dashboard/hot-or-not. Please move it to 
viewport export instead.
Read more: https://nextjs.org/docs/app/api-reference/functions/generate-viewport
 ΓÜá Unsupported metadata themeColor is configured in metadata export in /dashboard/beats/new. Please move it to 
viewport export instead.
Read more: https://nextjs.org/docs/app/api-reference/functions/generate-viewport
 ΓÜá Unsupported metadata viewport is configured in metadata export in /dashboard/beats/new. Please move it to 
viewport export instead.
Read more: https://nextjs.org/docs/app/api-reference/functions/generate-viewport
 ΓÜá Unsupported metadata themeColor is configured in metadata export in /dashboard/beats/new. Please move it to 
viewport export instead.
Read more: https://nextjs.org/docs/app/api-reference/functions/generate-viewport
 ΓÜá Unsupported metadata viewport is configured in metadata export in /dashboard/beats/new. Please move it to 
viewport export instead.
Read more: https://nextjs.org/docs/app/api-reference/functions/generate-viewport
 ΓÜá Unsupported metadata themeColor is configured in metadata export in /dashboard/producers/new. Please move it to 
viewport export instead.
Read more: https://nextjs.org/docs/app/api-reference/functions/generate-viewport
 ΓÜá Unsupported metadata viewport is configured in metadata export in /dashboard/producers/new. Please move it to 
viewport export instead.
Read more: https://nextjs.org/docs/app/api-reference/functions/generate-viewport
 ΓÜá Unsupported metadata themeColor is configured in metadata export in /dashboard/producers/new. Please move it to 
viewport export instead.
Read more: https://nextjs.org/docs/app/api-reference/functions/generate-viewport
 ΓÜá Unsupported metadata viewport is configured in metadata export in /dashboard/producers/new. Please move it to 
viewport export instead.
Read more: https://nextjs.org/docs/app/api-reference/functions/generate-viewport
   Generating static pages (36/72) 
 ΓÜá Unsupported metadata themeColor is configured in metadata export in /dashboard/sample-packs/new. Please move it 
to viewport export instead.
Read more: https://nextjs.org/docs/app/api-reference/functions/generate-viewport
 ΓÜá Unsupported metadata viewport is configured in metadata export in /dashboard/sample-packs/new. Please move it to 
viewport export instead.
Read more: https://nextjs.org/docs/app/api-reference/functions/generate-viewport
 ΓÜá Unsupported metadata themeColor is configured in metadata export in /dashboard/sample-packs/new. Please move it 
to viewport export instead.
Read more: https://nextjs.org/docs/app/api-reference/functions/generate-viewport
 ΓÜá Unsupported metadata viewport is configured in metadata export in /dashboard/sample-packs/new. Please move it to 
viewport export instead.
Read more: https://nextjs.org/docs/app/api-reference/functions/generate-viewport
 ΓÜá Unsupported metadata themeColor is configured in metadata export in /dashboard/tutorials/new. Please move it to 
viewport export instead.
Read more: https://nextjs.org/docs/app/api-reference/functions/generate-viewport
 ΓÜá Unsupported metadata viewport is configured in metadata export in /dashboard/tutorials/new. Please move it to 
viewport export instead.
Read more: https://nextjs.org/docs/app/api-reference/functions/generate-viewport
 ΓÜá Unsupported metadata themeColor is configured in metadata export in /dashboard/tutorials/new. Please move it to 
viewport export instead.
Read more: https://nextjs.org/docs/app/api-reference/functions/generate-viewport
 ΓÜá Unsupported metadata viewport is configured in metadata export in /dashboard/tutorials/new. Please move it to 
viewport export instead.
Read more: https://nextjs.org/docs/app/api-reference/functions/generate-viewport
 ΓÜá Unsupported metadata themeColor is configured in metadata export in /dashboard/settings/api-keys. Please move it 
to viewport export instead.
Read more: https://nextjs.org/docs/app/api-reference/functions/generate-viewport
 ΓÜá Unsupported metadata viewport is configured in metadata export in /dashboard/settings/api-keys. Please move it to 
viewport export instead.
Read more: https://nextjs.org/docs/app/api-reference/functions/generate-viewport
 ΓÜá Unsupported metadata themeColor is configured in metadata export in /dashboard/settings/api-keys. Please move it 
to viewport export instead.
Read more: https://nextjs.org/docs/app/api-reference/functions/generate-viewport
 ΓÜá Unsupported metadata viewport is configured in metadata export in /dashboard/settings/api-keys. Please move it to 
viewport export instead.
Read more: https://nextjs.org/docs/app/api-reference/functions/generate-viewport
 ΓÜá Unsupported metadata themeColor is configured in metadata export in /dashboard/content/new. Please move it to 
viewport export instead.
Read more: https://nextjs.org/docs/app/api-reference/functions/generate-viewport
 ΓÜá Unsupported metadata viewport is configured in metadata export in /dashboard/content/new. Please move it to 
viewport export instead.
Read more: https://nextjs.org/docs/app/api-reference/functions/generate-viewport
 ΓÜá Unsupported metadata themeColor is configured in metadata export in /dashboard/content/new. Please move it to 
viewport export instead.
Read more: https://nextjs.org/docs/app/api-reference/functions/generate-viewport
 ΓÜá Unsupported metadata viewport is configured in metadata export in /dashboard/content/new. Please move it to 
viewport export instead.
Read more: https://nextjs.org/docs/app/api-reference/functions/generate-viewport
 ΓÜá Unsupported metadata themeColor is configured in metadata export in /dashboard/beats. Please move it to viewport 
export instead.
Read more: https://nextjs.org/docs/app/api-reference/functions/generate-viewport
 ΓÜá Unsupported metadata viewport is configured in metadata export in /dashboard/beats. Please move it to viewport 
export instead.
Read more: https://nextjs.org/docs/app/api-reference/functions/generate-viewport
 ΓÜá Unsupported metadata themeColor is configured in metadata export in /dashboard/beats. Please move it to viewport 
export instead.
Read more: https://nextjs.org/docs/app/api-reference/functions/generate-viewport
 ΓÜá Unsupported metadata viewport is configured in metadata export in /dashboard/beats. Please move it to viewport 
export instead.
Read more: https://nextjs.org/docs/app/api-reference/functions/generate-viewport
 ΓÜá Unsupported metadata themeColor is configured in metadata export in /dashboard/producers. Please move it to 
viewport export instead.
Read more: https://nextjs.org/docs/app/api-reference/functions/generate-viewport
 ΓÜá Unsupported metadata viewport is configured in metadata export in /dashboard/producers. Please move it to 
viewport export instead.
Read more: https://nextjs.org/docs/app/api-reference/functions/generate-viewport
 ΓÜá Unsupported metadata themeColor is configured in metadata export in /dashboard/producers. Please move it to 
viewport export instead.
Read more: https://nextjs.org/docs/app/api-reference/functions/generate-viewport
 ΓÜá Unsupported metadata viewport is configured in metadata export in /dashboard/producers. Please move it to 
viewport export instead.
Read more: https://nextjs.org/docs/app/api-reference/functions/generate-viewport
 ΓÜá Unsupported metadata themeColor is configured in metadata export in /dashboard/users. Please move it to viewport 
export instead.
Read more: https://nextjs.org/docs/app/api-reference/functions/generate-viewport
 ΓÜá Unsupported metadata viewport is configured in metadata export in /dashboard/users. Please move it to viewport 
export instead.
Read more: https://nextjs.org/docs/app/api-reference/functions/generate-viewport
 ΓÜá Unsupported metadata themeColor is configured in metadata export in /dashboard/users. Please move it to viewport 
export instead.
Read more: https://nextjs.org/docs/app/api-reference/functions/generate-viewport
 ΓÜá Unsupported metadata viewport is configured in metadata export in /dashboard/users. Please move it to viewport 
export instead.
Read more: https://nextjs.org/docs/app/api-reference/functions/generate-viewport
 ΓÜá Unsupported metadata themeColor is configured in metadata export in /dashboard/tutorials. Please move it to 
viewport export instead.
Read more: https://nextjs.org/docs/app/api-reference/functions/generate-viewport
 ΓÜá Unsupported metadata viewport is configured in metadata export in /dashboard/tutorials. Please move it to 
viewport export instead.
Read more: https://nextjs.org/docs/app/api-reference/functions/generate-viewport
 ΓÜá Unsupported metadata themeColor is configured in metadata export in /dashboard/tutorials. Please move it to 
viewport export instead.
Read more: https://nextjs.org/docs/app/api-reference/functions/generate-viewport
 ΓÜá Unsupported metadata viewport is configured in metadata export in /dashboard/tutorials. Please move it to 
viewport export instead.
Read more: https://nextjs.org/docs/app/api-reference/functions/generate-viewport
 ΓÜá Unsupported metadata themeColor is configured in metadata export in /dashboard. Please move it to viewport export 
instead.
Read more: https://nextjs.org/docs/app/api-reference/functions/generate-viewport
 ΓÜá Unsupported metadata viewport is configured in metadata export in /dashboard. Please move it to viewport export 
instead.
Read more: https://nextjs.org/docs/app/api-reference/functions/generate-viewport
 ΓÜá Unsupported metadata themeColor is configured in metadata export in /dashboard. Please move it to viewport export 
instead.
Read more: https://nextjs.org/docs/app/api-reference/functions/generate-viewport
 ΓÜá Unsupported metadata viewport is configured in metadata export in /dashboard. Please move it to viewport export 
instead.
Read more: https://nextjs.org/docs/app/api-reference/functions/generate-viewport
 ΓÜá Unsupported metadata themeColor is configured in metadata export in /dashboard/newsletter/campaigns/new. Please 
move it to viewport export instead.
Read more: https://nextjs.org/docs/app/api-reference/functions/generate-viewport
 ΓÜá Unsupported metadata viewport is configured in metadata export in /dashboard/newsletter/campaigns/new. Please 
move it to viewport export instead.
Read more: https://nextjs.org/docs/app/api-reference/functions/generate-viewport
 ΓÜá Unsupported metadata themeColor is configured in metadata export in /dashboard/newsletter/campaigns/new. Please 
move it to viewport export instead.
Read more: https://nextjs.org/docs/app/api-reference/functions/generate-viewport
 ΓÜá Unsupported metadata viewport is configured in metadata export in /dashboard/newsletter/campaigns/new. Please 
move it to viewport export instead.
Read more: https://nextjs.org/docs/app/api-reference/functions/generate-viewport
 ΓÜá Unsupported metadata themeColor is configured in metadata export in /dashboard/newsletter/settings. Please move 
it to viewport export instead.
Read more: https://nextjs.org/docs/app/api-reference/functions/generate-viewport
 ΓÜá Unsupported metadata viewport is configured in metadata export in /dashboard/newsletter/settings. Please move it 
to viewport export instead.
Read more: https://nextjs.org/docs/app/api-reference/functions/generate-viewport
 ΓÜá Unsupported metadata themeColor is configured in metadata export in /dashboard/newsletter/settings. Please move 
it to viewport export instead.
Read more: https://nextjs.org/docs/app/api-reference/functions/generate-viewport
 ΓÜá Unsupported metadata viewport is configured in metadata export in /dashboard/newsletter/settings. Please move it 
to viewport export instead.
Read more: https://nextjs.org/docs/app/api-reference/functions/generate-viewport
 ΓÜá Unsupported metadata themeColor is configured in metadata export in /dashboard/magazine/new. Please move it to 
viewport export instead.
Read more: https://nextjs.org/docs/app/api-reference/functions/generate-viewport
 ΓÜá Unsupported metadata viewport is configured in metadata export in /dashboard/magazine/new. Please move it to 
viewport export instead.
Read more: https://nextjs.org/docs/app/api-reference/functions/generate-viewport
 ΓÜá Unsupported metadata themeColor is configured in metadata export in /dashboard/magazine/new. Please move it to 
viewport export instead.
Read more: https://nextjs.org/docs/app/api-reference/functions/generate-viewport
 ΓÜá Unsupported metadata viewport is configured in metadata export in /dashboard/magazine/new. Please move it to 
viewport export instead.
Read more: https://nextjs.org/docs/app/api-reference/functions/generate-viewport
 ΓÜá Unsupported metadata themeColor is configured in metadata export in /dashboard/submissions. Please move it to 
viewport export instead.
Read more: https://nextjs.org/docs/app/api-reference/functions/generate-viewport
 ΓÜá Unsupported metadata viewport is configured in metadata export in /dashboard/submissions. Please move it to 
viewport export instead.
Read more: https://nextjs.org/docs/app/api-reference/functions/generate-viewport
 ΓÜá Unsupported metadata themeColor is configured in metadata export in /dashboard/submissions. Please move it to 
viewport export instead.
Read more: https://nextjs.org/docs/app/api-reference/functions/generate-viewport
 ΓÜá Unsupported metadata viewport is configured in metadata export in /dashboard/submissions. Please move it to 
viewport export instead.
Read more: https://nextjs.org/docs/app/api-reference/functions/generate-viewport
 ΓÜá Unsupported metadata themeColor is configured in metadata export in /. Please move it to viewport export instead.
Read more: https://nextjs.org/docs/app/api-reference/functions/generate-viewport
 ΓÜá Unsupported metadata viewport is configured in metadata export in /. Please move it to viewport export instead.
Read more: https://nextjs.org/docs/app/api-reference/functions/generate-viewport
 ΓÜá Unsupported metadata themeColor is configured in metadata export in /. Please move it to viewport export instead.
Read more: https://nextjs.org/docs/app/api-reference/functions/generate-viewport
 ΓÜá Unsupported metadata viewport is configured in metadata export in /. Please move it to viewport export instead.
Read more: https://nextjs.org/docs/app/api-reference/functions/generate-viewport
 ΓÜá Unsupported metadata themeColor is configured in metadata export in /dashboard/content. Please move it to 
viewport export instead.
Read more: https://nextjs.org/docs/app/api-reference/functions/generate-viewport
 ΓÜá Unsupported metadata viewport is configured in metadata export in /dashboard/content. Please move it to viewport 
export instead.
Read more: https://nextjs.org/docs/app/api-reference/functions/generate-viewport
 ΓÜá Unsupported metadata themeColor is configured in metadata export in /dashboard/content. Please move it to 
viewport export instead.
Read more: https://nextjs.org/docs/app/api-reference/functions/generate-viewport
 ΓÜá Unsupported metadata viewport is configured in metadata export in /dashboard/content. Please move it to viewport 
export instead.
Read more: https://nextjs.org/docs/app/api-reference/functions/generate-viewport
 ΓÜá Unsupported metadata themeColor is configured in metadata export in /dashboard/magazine. Please move it to 
viewport export instead.
Read more: https://nextjs.org/docs/app/api-reference/functions/generate-viewport
 ΓÜá Unsupported metadata viewport is configured in metadata export in /dashboard/magazine. Please move it to viewport 
export instead.
Read more: https://nextjs.org/docs/app/api-reference/functions/generate-viewport
 ΓÜá Unsupported metadata themeColor is configured in metadata export in /dashboard/magazine. Please move it to 
viewport export instead.
Read more: https://nextjs.org/docs/app/api-reference/functions/generate-viewport
 ΓÜá Unsupported metadata viewport is configured in metadata export in /dashboard/magazine. Please move it to viewport 
export instead.
Read more: https://nextjs.org/docs/app/api-reference/functions/generate-viewport
 ΓÜá Unsupported metadata themeColor is configured in metadata export in /dashboard/writers. Please move it to 
viewport export instead.
Read more: https://nextjs.org/docs/app/api-reference/functions/generate-viewport
 ΓÜá Unsupported metadata viewport is configured in metadata export in /dashboard/writers. Please move it to viewport 
export instead.
Read more: https://nextjs.org/docs/app/api-reference/functions/generate-viewport
 ΓÜá Unsupported metadata themeColor is configured in metadata export in /dashboard/writers. Please move it to 
viewport export instead.
Read more: https://nextjs.org/docs/app/api-reference/functions/generate-viewport
 ΓÜá Unsupported metadata viewport is configured in metadata export in /dashboard/writers. Please move it to viewport 
export instead.
Read more: https://nextjs.org/docs/app/api-reference/functions/generate-viewport
 ΓÜá Unsupported metadata themeColor is configured in metadata export in /dashboard/gear. Please move it to viewport 
export instead.
Read more: https://nextjs.org/docs/app/api-reference/functions/generate-viewport
 ΓÜá Unsupported metadata viewport is configured in metadata export in /dashboard/gear. Please move it to viewport 
export instead.
Read more: https://nextjs.org/docs/app/api-reference/functions/generate-viewport
 ΓÜá Unsupported metadata themeColor is configured in metadata export in /dashboard/gear. Please move it to viewport 
export instead.
Read more: https://nextjs.org/docs/app/api-reference/functions/generate-viewport
 ΓÜá Unsupported metadata viewport is configured in metadata export in /dashboard/gear. Please move it to viewport 
export instead.
Read more: https://nextjs.org/docs/app/api-reference/functions/generate-viewport
 ΓÜá Unsupported metadata themeColor is configured in metadata export in /dashboard/help. Please move it to viewport 
export instead.
Read more: https://nextjs.org/docs/app/api-reference/functions/generate-viewport
 ΓÜá Unsupported metadata viewport is configured in metadata export in /dashboard/help. Please move it to viewport 
export instead.
Read more: https://nextjs.org/docs/app/api-reference/functions/generate-viewport
 ΓÜá Unsupported metadata themeColor is configured in metadata export in /dashboard/help. Please move it to viewport 
export instead.
Read more: https://nextjs.org/docs/app/api-reference/functions/generate-viewport
 ΓÜá Unsupported metadata viewport is configured in metadata export in /dashboard/help. Please move it to viewport 
export instead.
Read more: https://nextjs.org/docs/app/api-reference/functions/generate-viewport
 ΓÜá Unsupported metadata themeColor is configured in metadata export in /dashboard/site-settings. Please move it to 
viewport export instead.
Read more: https://nextjs.org/docs/app/api-reference/functions/generate-viewport
 ΓÜá Unsupported metadata viewport is configured in metadata export in /dashboard/site-settings. Please move it to 
viewport export instead.
Read more: https://nextjs.org/docs/app/api-reference/functions/generate-viewport
 ΓÜá Unsupported metadata themeColor is configured in metadata export in /dashboard/site-settings. Please move it to 
viewport export instead.
Read more: https://nextjs.org/docs/app/api-reference/functions/generate-viewport
 ΓÜá Unsupported metadata viewport is configured in metadata export in /dashboard/site-settings. Please move it to 
viewport export instead.
Read more: https://nextjs.org/docs/app/api-reference/functions/generate-viewport
 ΓÜá Unsupported metadata themeColor is configured in metadata export in /dashboard/settings. Please move it to 
viewport export instead.
Read more: https://nextjs.org/docs/app/api-reference/functions/generate-viewport
 ΓÜá Unsupported metadata viewport is configured in metadata export in /dashboard/settings. Please move it to viewport 
export instead.
Read more: https://nextjs.org/docs/app/api-reference/functions/generate-viewport
 ΓÜá Unsupported metadata themeColor is configured in metadata export in /dashboard/settings. Please move it to 
viewport export instead.
Read more: https://nextjs.org/docs/app/api-reference/functions/generate-viewport
 ΓÜá Unsupported metadata viewport is configured in metadata export in /dashboard/settings. Please move it to viewport 
export instead.
Read more: https://nextjs.org/docs/app/api-reference/functions/generate-viewport
   Generating static pages (54/72) 
 ΓÜá Unsupported metadata themeColor is configured in metadata export in /dashboard/seo. Please move it to viewport 
export instead.
Read more: https://nextjs.org/docs/app/api-reference/functions/generate-viewport
 ΓÜá Unsupported metadata viewport is configured in metadata export in /dashboard/seo. Please move it to viewport 
export instead.
Read more: https://nextjs.org/docs/app/api-reference/functions/generate-viewport
 ΓÜá Unsupported metadata themeColor is configured in metadata export in /dashboard/seo. Please move it to viewport 
export instead.
Read more: https://nextjs.org/docs/app/api-reference/functions/generate-viewport
 ΓÜá Unsupported metadata viewport is configured in metadata export in /dashboard/seo. Please move it to viewport 
export instead.
Read more: https://nextjs.org/docs/app/api-reference/functions/generate-viewport
 ΓÜá Unsupported metadata themeColor is configured in metadata export in /dashboard/artists. Please move it to 
viewport export instead.
Read more: https://nextjs.org/docs/app/api-reference/functions/generate-viewport
 ΓÜá Unsupported metadata viewport is configured in metadata export in /dashboard/artists. Please move it to viewport 
export instead.
Read more: https://nextjs.org/docs/app/api-reference/functions/generate-viewport
 ΓÜá Unsupported metadata themeColor is configured in metadata export in /dashboard/artists. Please move it to 
viewport export instead.
Read more: https://nextjs.org/docs/app/api-reference/functions/generate-viewport
 ΓÜá Unsupported metadata viewport is configured in metadata export in /dashboard/artists. Please move it to viewport 
export instead.
Read more: https://nextjs.org/docs/app/api-reference/functions/generate-viewport
 ΓÜá Unsupported metadata themeColor is configured in metadata export in /dashboard/sample-packs. Please move it to 
viewport export instead.
Read more: https://nextjs.org/docs/app/api-reference/functions/generate-viewport
 ΓÜá Unsupported metadata viewport is configured in metadata export in /dashboard/sample-packs. Please move it to 
viewport export instead.
Read more: https://nextjs.org/docs/app/api-reference/functions/generate-viewport
 ΓÜá Unsupported metadata themeColor is configured in metadata export in /dashboard/sample-packs. Please move it to 
viewport export instead.
Read more: https://nextjs.org/docs/app/api-reference/functions/generate-viewport
 ΓÜá Unsupported metadata viewport is configured in metadata export in /dashboard/sample-packs. Please move it to 
viewport export instead.
Read more: https://nextjs.org/docs/app/api-reference/functions/generate-viewport
 ΓÜá Unsupported metadata themeColor is configured in metadata export in /dashboard/newsletter/subscribers. Please 
move it to viewport export instead.
Read more: https://nextjs.org/docs/app/api-reference/functions/generate-viewport
 ΓÜá Unsupported metadata viewport is configured in metadata export in /dashboard/newsletter/subscribers. Please move 
it to viewport export instead.
Read more: https://nextjs.org/docs/app/api-reference/functions/generate-viewport
 ΓÜá Unsupported metadata themeColor is configured in metadata export in /dashboard/newsletter/subscribers. Please 
move it to viewport export instead.
Read more: https://nextjs.org/docs/app/api-reference/functions/generate-viewport
 ΓÜá Unsupported metadata viewport is configured in metadata export in /dashboard/newsletter/subscribers. Please move 
it to viewport export instead.
Read more: https://nextjs.org/docs/app/api-reference/functions/generate-viewport
 Γ£ô Generating static pages (72/72)
   Finalizing page optimization ...
   Collecting build traces ...

Route (app)                                   Size     First Load JS
Γöî Γùï /                                         2.77 kB         179 kB
Γö£ Γùï /_not-found                               875 B          87.9 kB
Γö£ ╞Æ /api/ai-pipeline                          0 B                0 B
Γö£ ╞Æ /api/analytics                            0 B                0 B
Γö£ ╞Æ /api/announcements                        0 B                0 B
Γö£ ╞Æ /api/announcements/[id]                   0 B                0 B
Γö£ ╞Æ /api/articles                             0 B                0 B
Γö£ ╞Æ /api/articles/[id]                        0 B                0 B
Γö£ ╞Æ /api/articles/[id]/publish                0 B                0 B
Γö£ ╞Æ /api/artists                              0 B                0 B
Γö£ ╞Æ /api/artists/[id]                         0 B                0 B
Γö£ ╞Æ /api/auto-generate                        0 B                0 B
Γö£ ╞Æ /api/beats                                0 B                0 B
Γö£ ╞Æ /api/beats/[id]                           0 B                0 B
Γö£ ╞Æ /api/brand-settings                       0 B                0 B
Γö£ ╞Æ /api/brand-settings/[brand]               0 B                0 B
Γö£ ╞Æ /api/brand-settings/public/[brand]        0 B                0 B
Γö£ ╞Æ /api/content                              0 B                0 B
Γö£ ╞Æ /api/content/[id]/status                  0 B                0 B
Γö£ ╞Æ /api/create-user                          0 B                0 B
Γö£ ╞Æ /api/cron/ai-pipeline                     0 B                0 B
Γö£ ╞Æ /api/cron/auto-generate                   0 B                0 B
Γö£ Γùï /api/cron/publish-magazine                0 B                0 B
Γö£ ╞Æ /api/cron/publish-scheduled               0 B                0 B
Γö£ ╞Æ /api/dashboard                            0 B                0 B
Γö£ ╞Æ /api/gear-reviews                         0 B                0 B
Γö£ ╞Æ /api/gear-reviews/[id]                    0 B                0 B
Γö£ ╞Æ /api/generate-article                     0 B                0 B
Γö£ ╞Æ /api/magazine-issues                      0 B                0 B
Γö£ ╞Æ /api/magazine-issues/[id]                 0 B                0 B
Γö£ ╞Æ /api/magazine-issues/[id]/pages           0 B                0 B
Γö£ ╞Æ /api/magazine-issues/[id]/pages/[pageId]  0 B                0 B
Γö£ ╞Æ /api/magazine-issues/[id]/publish         0 B                0 B
Γö£ ╞Æ /api/migrate                              0 B                0 B
Γö£ Γùï /api/news-feed                            0 B                0 B
Γö£ ╞Æ /api/newsletter/campaigns                 0 B                0 B
Γö£ ╞Æ /api/newsletter/campaigns/[id]/send       0 B                0 B
Γö£ ╞Æ /api/newsletter/settings                  0 B                0 B
Γö£ ╞Æ /api/newsletter/subscribe                 0 B                0 B
Γö£ ╞Æ /api/newsletter/subscribers               0 B                0 B
Γö£ ╞Æ /api/newsletter/unsubscribe               0 B                0 B
Γö£ ╞Æ /api/notifications                        0 B                0 B
Γö£ ╞Æ /api/producers                            0 B                0 B
Γö£ ╞Æ /api/producers/[id]                       0 B                0 B
Γö£ ╞Æ /api/rss-feeds                            0 B                0 B
Γö£ ╞Æ /api/rss-feeds/[id]                       0 B                0 B
Γö£ ╞Æ /api/sample-packs                         0 B                0 B
Γö£ ╞Æ /api/sample-packs/[id]                    0 B                0 B
Γö£ ╞Æ /api/seed                                 0 B                0 B
Γö£ ╞Æ /api/seed-content                         0 B                0 B
Γö£ ╞Æ /api/seo/scores                           0 B                0 B
Γö£ ╞Æ /api/settings/api-keys                    0 B                0 B
Γö£ ╞Æ /api/settings/social                      0 B                0 B
Γö£ ╞Æ /api/setup-brand-settings                 0 B                0 B
Γö£ ╞Æ /api/setup-tables                         0 B                0 B
Γö£ ╞Æ /api/social/share                         0 B                0 B
Γö£ ╞Æ /api/social/share-log                     0 B                0 B
Γö£ ╞Æ /api/submissions                          0 B                0 B
Γö£ ╞Æ /api/submissions/[id]/review              0 B                0 B
Γö£ ╞Æ /api/tracks                               0 B                0 B
Γö£ ╞Æ /api/tracks/[id]                          0 B                0 B
Γö£ ╞Æ /api/tts                                  0 B                0 B
Γö£ ╞Æ /api/tutorials                            0 B                0 B
Γö£ ╞Æ /api/tutorials/[id]                       0 B                0 B
Γö£ ╞Æ /api/upload                               0 B                0 B
Γö£ ╞Æ /api/users                                0 B                0 B
Γö£ ╞Æ /api/users/[id]                           0 B                0 B
Γö£ ╞Æ /api/vote                                 0 B                0 B
Γö£ ╞Æ /api/writers                              0 B                0 B
Γö£ ╞Æ /auth/callback                            0 B                0 B
Γö£ Γùï /dashboard                                9.69 kB         186 kB
Γö£ Γùï /dashboard/ai-pipeline                    5.15 kB         128 kB
Γö£ Γùï /dashboard/analytics                      2.72 kB         126 kB
Γö£ Γùï /dashboard/artists                        3.69 kB         127 kB
Γö£ ╞Æ /dashboard/artists/[id]/edit              989 B           129 kB
Γö£ Γùï /dashboard/artists/new                    835 B           129 kB
Γö£ Γùï /dashboard/beats                          3.21 kB         126 kB
Γö£ ╞Æ /dashboard/beats/[id]/edit                2.47 kB         129 kB
Γö£ Γùï /dashboard/beats/new                      2.37 kB         129 kB
Γö£ Γùï /dashboard/content                        11.3 kB         187 kB
Γö£ ╞Æ /dashboard/content/[id]/edit              4.6 kB          184 kB
Γö£ Γùï /dashboard/content/new                    8.97 kB         135 kB
Γö£ Γùï /dashboard/gear                           3.41 kB         127 kB
Γö£ ╞Æ /dashboard/gear/[id]/edit                 992 B           129 kB
Γö£ Γùï /dashboard/gear/new                       834 B           129 kB
Γö£ Γùï /dashboard/help                           5.03 kB         128 kB
Γö£ Γùï /dashboard/hot-or-not                     5.1 kB          128 kB
Γö£ Γùï /dashboard/magazine                       3.71 kB         127 kB
Γö£ ╞Æ /dashboard/magazine/[id]/edit             9.39 kB         136 kB
Γö£ ╞Æ /dashboard/magazine/[id]/preview          9.88 kB         133 kB
Γö£ Γùï /dashboard/magazine/new                   2.31 kB        89.4 kB
Γö£ Γùï /dashboard/newsletter                     3.08 kB         133 kB
Γö£ Γùï /dashboard/newsletter/campaigns/new       2.94 kB         133 kB
Γö£ Γùï /dashboard/newsletter/settings            2.64 kB         133 kB
Γö£ Γùï /dashboard/newsletter/subscribers         3.41 kB         133 kB
Γö£ Γùï /dashboard/producers                      3.56 kB         127 kB
Γö£ ╞Æ /dashboard/producers/[id]/edit            1 kB            130 kB
Γö£ Γùï /dashboard/producers/new                  835 B           129 kB
Γö£ Γùï /dashboard/rss-feeds                      5.74 kB         129 kB
Γö£ Γùï /dashboard/sample-packs                   3.27 kB         126 kB
Γö£ ╞Æ /dashboard/sample-packs/[id]/edit         2.45 kB         129 kB
Γö£ Γùï /dashboard/sample-packs/new               2.33 kB         129 kB
Γö£ Γùï /dashboard/seo                            2.41 kB         132 kB
Γö£ Γùï /dashboard/settings                       10.9 kB         134 kB
Γö£ Γùï /dashboard/settings/api-keys              3.74 kB         127 kB
Γö£ Γùï /dashboard/site-settings                  6.54 kB         130 kB
Γö£ Γùï /dashboard/submissions                    7.09 kB         183 kB
Γö£ Γùï /dashboard/tutorials                      3.64 kB         127 kB
Γö£ ╞Æ /dashboard/tutorials/[id]/edit            2.39 kB         129 kB
Γö£ Γùï /dashboard/tutorials/new                  2.27 kB         129 kB
Γö£ Γùï /dashboard/users                          6.01 kB         129 kB
Γöö Γùï /dashboard/writers                        16.7 kB         193 kB
+ First Load JS shared by all                 87 kB
  Γö£ chunks/1dd3208c-bf2d97d3919694b4.js       53.6 kB
  Γö£ chunks/286-c211b042f4919712.js            31.5 kB
  Γöö other shared chunks (total)               1.96 kB


Γùï  (Static)   prerendered as static content
╞Æ  (Dynamic)  server-rendered on demand

